['o', 'l', 'l', 'e', 'H']
['9', '8', '7', '6', '5', '4', '3', '2', '1', '0']
['a', 'c', 'i', 'r', 'e', 'm', 'A']
['d', 'n', 'a', 'l', 'g', 'n', 'E']
