['H', 'e', 'l', 'l', 'o']
['0', '1', '2', '3', '4', '5', '6', '7', '8', '9']
['A', 'm', 'e', 'r', 'i', 'c', 'a']
['E', 'n', 'g', 'l', 'a', 'n', 'd']
