["World", 'A', 10.000000, "Hello", 10, "Hi, There", 70, 89.700000, "Hey", 'B']
